{
  "version": "1.5.0",
  "plugins_used": [
    {
      "name": "ArtifactoryDetector"
    },
    {
      "name": "AWSKeyDetector"
    },
    {
      "name": "AzureStorageKeyDetector"
    },
    {
      "name": "Base64HighEntropyString",
      "limit": 4.5
    },
    {
      "name": "BasicAuthDetector"
    },
    {
      "name": "CloudantDetector"
    },
    {
      "name": "DiscordBotTokenDetector"
    },
    {
      "name": "GitHubTokenDetector"
    },
    {
      "name": "GitLabTokenDetector"
    },
    {
      "name": "HexHighEntropyString",
      "limit": 3.0
    },
    {
      "name": "IbmCloudIamDetector"
    },
    {
      "name": "IbmCosHmacDetector"
    },
    {
      "name": "IPPublicDetector"
    },
    {
      "name": "JwtTokenDetector"
    },
    {
      "name": "KeywordDetector",
      "keyword_exclude": ""
    },
    {
      "name": "MailchimpDetector"
    },
    {
      "name": "NpmDetector"
    },
    {
      "name": "OpenAIDetector"
    },
    {
      "name": "PrivateKeyDetector"
    },
    {
      "name": "PypiTokenDetector"
    },
    {
      "name": "SendGridDetector"
    },
    {
      "name": "SlackDetector"
    },
    {
      "name": "SoftlayerDetector"
    },
    {
      "name": "SquareOAuthDetector"
    },
    {
      "name": "StripeDetector"
    },
    {
      "name": "TelegramBotTokenDetector"
    },
    {
      "name": "TwilioKeyDetector"
    }
  ],
  "filters_used": [
    {
      "path": "detect_secrets.filters.allowlist.is_line_allowlisted"
    },
    {
      "path": "detect_secrets.filters.common.is_baseline_file",
      "filename": ".secrets.baseline"
    },
    {
      "path": "detect_secrets.filters.common.is_ignored_due_to_verification_policies",
      "min_level": 2
    },
    {
      "path": "detect_secrets.filters.heuristic.is_indirect_reference"
    },
    {
      "path": "detect_secrets.filters.heuristic.is_likely_id_string"
    },
    {
      "path": "detect_secrets.filters.heuristic.is_lock_file"
    },
    {
      "path": "detect_secrets.filters.heuristic.is_not_alphanumeric_string"
    },
    {
      "path": "detect_secrets.filters.heuristic.is_potential_uuid"
    },
    {
      "path": "detect_secrets.filters.heuristic.is_prefixed_with_dollar_sign"
    },
    {
      "path": "detect_secrets.filters.heuristic.is_sequential_string"
    },
    {
      "path": "detect_secrets.filters.heuristic.is_swagger_file"
    },
    {
      "path": "detect_secrets.filters.heuristic.is_templated_secret"
    }
  ],
  "results": {
    "tests\\unit\\test_github_client.py": [
      {
        "type": "Hex High Entropy String",
        "filename": "tests\\unit\\test_github_client.py",
        "hashed_secret": "90bd1b48e958257948487b90bee080ba5ed00caa",
        "is_verified": false,
        "line_number": 137
      }
    ],
    "tests\\unit\\test_hook_cmd.py": [
      {
        "type": "Base64 High Entropy String",
        "filename": "tests\\unit\\test_hook_cmd.py",
        "hashed_secret": "4cbb4db1dd0c95a370c023250314a4c949b4275a",
        "is_verified": false,
        "line_number": 57
      },
      {
        "type": "Secret Keyword",
        "filename": "tests\\unit\\test_hook_cmd.py",
        "hashed_secret": "1043071fb8eddffe7fd732ed7b77935864b76701",
        "is_verified": false,
        "line_number": 87
      }
    ],
    "tests\\unit\\test_logging.py": [
      {
        "type": "AWS Access Key",
        "filename": "tests\\unit\\test_logging.py",
        "hashed_secret": "1d5bc0e7232d07b336f4d35db4c0200142962f4a",
        "is_verified": false,
        "line_number": 36
      },
      {
        "type": "Base64 High Entropy String",
        "filename": "tests\\unit\\test_logging.py",
        "hashed_secret": "4c6feb51daceb3787c13207d406c3f06c2db1d8c",
        "is_verified": false,
        "line_number": 36
      },
      {
        "type": "Private Key",
        "filename": "tests\\unit\\test_logging.py",
        "hashed_secret": "be4fc4886bd949b369d5e092eb87494f12e57e5b",
        "is_verified": false,
        "line_number": 42
      },
      {
        "type": "Base64 High Entropy String",
        "filename": "tests\\unit\\test_logging.py",
        "hashed_secret": "b6e83a6de61c249f68ba1bb889d5562d57ee74fe",
        "is_verified": false,
        "line_number": 48
      },
      {
        "type": "Base64 High Entropy String",
        "filename": "tests\\unit\\test_logging.py",
        "hashed_secret": "912c9895d71221ffe340e016d4ebc566dcdf5424",
        "is_verified": false,
        "line_number": 50
      }
    ],
    "tests\\unit\\test_publish.py": [
      {
        "type": "Hex High Entropy String",
        "filename": "tests\\unit\\test_publish.py",
        "hashed_secret": "90bd1b48e958257948487b90bee080ba5ed00caa",
        "is_verified": false,
        "line_number": 29
      }
    ],
    "tests\\unit\\test_security_scan.py": [
      {
        "type": "Secret Keyword",
        "filename": "tests\\unit\\test_security_scan.py",
        "hashed_secret": "1043071fb8eddffe7fd732ed7b77935864b76701",
        "is_verified": false,
        "line_number": 35
      },
      {
        "type": "Private Key",
        "filename": "tests\\unit\\test_security_scan.py",
        "hashed_secret": "be4fc4886bd949b369d5e092eb87494f12e57e5b",
        "is_verified": false,
        "line_number": 42
      },
      {
        "type": "AWS Access Key",
        "filename": "tests\\unit\\test_security_scan.py",
        "hashed_secret": "25910f981e85ca04baf359199dd0bd4a3ae738b6",
        "is_verified": false,
        "line_number": 48
      },
      {
        "type": "Base64 High Entropy String",
        "filename": "tests\\unit\\test_security_scan.py",
        "hashed_secret": "22f7546ba75a46de07ce53295daf87a9dccc66a9",
        "is_verified": false,
        "line_number": 54
      },
      {
        "type": "GitHub Token",
        "filename": "tests\\unit\\test_security_scan.py",
        "hashed_secret": "e175c6f5f2a92e8623bd9a4820edb4e8c1b0fd10",
        "is_verified": false,
        "line_number": 54
      },
      {
        "type": "Secret Keyword",
        "filename": "tests\\unit\\test_security_scan.py",
        "hashed_secret": "70160aa810531303052a96d802080b5a31c8f05b",
        "is_verified": false,
        "line_number": 156
      }
    ],
    "tests\\unit\\test_status_cmd.py": [
      {
        "type": "Hex High Entropy String",
        "filename": "tests\\unit\\test_status_cmd.py",
        "hashed_secret": "a989a5f604de8085ccb6784e53c0bc3aab139d77",
        "is_verified": false,
        "line_number": 31
      }
    ]
  },
  "generated_at": "2026-07-16T08:48:53Z"
}
